
> bauhaus-portfolio@0.1.0 build
> next build

  Γû▓ Next.js 14.2.3

   Creating an optimized production build ...
node.exe : Failed to compile.
At C:\Program Files\nodejs\npm.ps1:29 char:3
+   & $NODE_EXE $NPM_CLI_JS $args
+   ~~~~~~~~~~~~~~~~~~~~~~~~~~~~~
    + CategoryInfo          : NotSpecified: (F 
   ailed to compile.:String) [], RemoteExcept  
  ion
    + FullyQualifiedErrorId : NativeCommandErr 
   or
 

app\layout.tsx
An error occurred in `next/font`.

Error: Cannot find module 'autoprefixer'
Require stack:
- I:\code\VSCode\PortfolioWebsite\node_modules\
next\dist\build\webpack\config\blocks\css\plugi
ns.js
- I:\code\VSCode\PortfolioWebsite\node_modules\
next\dist\build\webpack\config\blocks\css\index
.js
- I:\code\VSCode\PortfolioWebsite\node_modules\
next\dist\build\webpack\config\index.js
- I:\code\VSCode\PortfolioWebsite\node_modules\
next\dist\build\webpack-config.js
- I:\code\VSCode\PortfolioWebsite\node_modules\
next\dist\build\webpack-build\impl.js
- I:\code\VSCode\PortfolioWebsite\node_modules\
next\dist\compiled\jest-worker\processChild.js
    at Function.<anonymous> 
(node:internal/modules/cjs/loader:1225:15)
    at I:\code\VSCode\PortfolioWebsite\node_mod
ules\next\dist\server\require-hook.js:55:36
    at Function.resolve 
(node:internal/modules/helpers:146:19)
    at loadPlugin (I:\code\VSCode\PortfolioWebs
ite\node_modules\next\dist\build\webpack\config
\blocks\css\plugins.js:49:32)
    at I:\code\VSCode\PortfolioWebsite\node_mod
ules\next\dist\build\webpack\config\blocks\css\
plugins.js:157:56
    at Array.map (<anonymous>)
    at getPostCssPlugins (I:\code\VSCode\Portfo
lioWebsite\node_modules\next\dist\build\webpack
\config\blocks\css\plugins.js:157:47)
    at async I:\code\VSCode\PortfolioWebsite\no
de_modules\next\dist\build\webpack\config\block
s\css\index.js:124:36
    at async I:\code\VSCode\PortfolioWebsite\no
de_modules\next\dist\build\webpack\loaders\next
-font-loader\index.js:86:33
    at async Span.traceAsyncFn (I:\code\VSCode\
PortfolioWebsite\node_modules\next\dist\trace\t
race.js:154:20)


> Build failed because of webpack errors
