node.exe : FAIL __tests__/components/win95/Taskbar.test.tsx
At C:\Program Files\nodejs\npx.ps1:29 char:3
+   & $NODE_EXE $NPX_CLI_JS $args
+   ~~~~~~~~~~~~~~~~~~~~~~~~~~~~~
    + CategoryInfo          : NotSpecified: (FAIL __tests__/...askbar.test.tsx:String) [], RemoteException
    + FullyQualifiedErrorId : NativeCommandError
 
  Taskbar
    ΓêÜ renders start button and open windows (35 ms)
    ΓêÜ calls onStartClick when start button is clicked (6 ms)
    ΓêÜ calls onWindowClick when a window button is clicked (4 ms)
    ΓêÜ updates time every second (10 ms)
    ΓêÜ toggles volume slider (9 ms)
    ΓêÜ fetches weather and shows tooltip (16 ms)
    ΓêÜ opens context menu on right click of window button (10 ms)
    ΓêÜ calls onWindowClick when Restore is clicked in context menu (6 ms)
    ΓêÜ calls onMinimizeWindow when Minimize is clicked in context menu (8 ms)
    ΓêÜ calls onCloseWindow when Close is clicked in context menu (5 ms)
    ├ù closes context menu when clicking outside (8 ms)

  ΓùÅ Taskbar ΓÇ║ closes context menu when clicking outside

    expect(element).not.toBeInTheDocument()

    expected document not to contain element, found <button class="w-full text-left px-4 py-1 text-[12px] font-win95 flex items-center gap-2 hover:bg-win95-blue-active hover:text-white">Restore</button> instead

    [0m [90m 164 |[39m         fireEvent[33m.[39mclick(overlay)[33m;[39m
     [90m 165 |[39m
    [31m[1m>[22m[39m[90m 166 |[39m         expect(screen[33m.[39mqueryByText([32m'Restore'[39m))[33m.[39mnot[33m.[39mtoBeInTheDocument()[33m;[39m
     [90m     |[39m                                                   [31m[1m^[22m[39m
     [90m 167 |[39m     })[33m;[39m
     [90m 168 |[39m })[33m;[39m
     [90m 169 |[39m[0m

      at Object.<anonymous> (__tests__/components/win95/Taskbar.test.tsx:166:51)

Test Suites: 1 failed, 1 total
Tests:       1 failed, 10 passed, 11 total
Snapshots:   0 total
Time:        0.794 s, estimated 1 s
Ran all test suites matching Taskbar.test.tsx.
