
> bauhaus-portfolio@0.1.0 test
> jest OSDesktop opens wallpaper selector from context menu and applies wallpaper

node.exe : FAIL __tests__/components/win95/OSDesktop.test.tsx
At C:\Program Files\nodejs\npm.ps1:29 char:3
+   & $NODE_EXE $NPM_CLI_JS $args
+   ~~~~~~~~~~~~~~~~~~~~~~~~~~~~~
    + CategoryInfo          : NotSpecified: (FAIL __tests__/...esktop.test.tsx:String) [], RemoteException
    + FullyQualifiedErrorId : NativeCommandError
 
  OSDesktop Persistence
    ΓêÜ loads window positions into state from localStorage on mount (48 ms)
    ΓêÜ opens context menu on right click and can close all windows (47 ms)
    ├ù opens wallpaper selector from context menu and applies wallpaper (30 ms)

  ΓùÅ OSDesktop Persistence ΓÇ║ opens wallpaper selector from context menu and applies wallpaper

    TestingLibraryElementError: Found multiple elements with the text: Display Properties

    Here are the matching elements:

    Ignored nodes: comments, script, style
    [36m<span[39m
      [33mclass[39m=[32m"text-white text-[13px] font-win95 font-bold whitespace-nowrap overflow-hidden text-ellipsis leading-none mt-0.5"[39m
    [36m>[39m
      [0mDisplay Properties[0m
    [36m</span>[39m

    Ignored nodes: comments, script, style
    [36m<span[39m
      [33mclass[39m=[32m"truncate"[39m
    [36m>[39m
      [0mDisplay Properties[0m
    [36m</span>[39m

    (If this is intentional, then use the `*AllBy*` variant of the query (like `queryAllByText`, `getAllByText`, or `findAllByText`)).

    Ignored nodes: comments, script, style
    [36m<body>[39m
      [36m<div>[39m
        [36m<div[39m
          [33mclass[39m=[32m"relative w-screen h-screen overflow-hidden"[39m
          [33mdata-testid[39m=[32m"desktop-container"[39m
          [33mdata-window-positions[39m=[32m"{\"wallpaper-selector\":{\"x\":150,\"y\":100,\"width\":400,\"height\":450}}"[39m
          [33mstyle[39m=[32m"background-color: rgb(0, 128, 128); background-image: none; background-size: auto; background-repeat: repeat; background-position: center;"[39m
        [36m>[39m
          [36m<div[39m
            [33mclass[39m=[32m"p-4 grid grid-flow-col grid-rows-[repeat(auto-fill,160px)] gap-4 w-fit h-[calc(100vh-48px)]"[39m
          [36m>[39m
            [36m<div[39m
              [33mclass[39m=[32m"flex flex-col items-center justify-center p-2 w-28 h-36 cursor-pointer group select-none active:bg-blue-800/30 touch-manipulation"[39m
              [33mdata-testid[39m=[32m"desktop-icon-test-window"[39m
            [36m>[39m
              [36m<div[39m
                [33mclass[39m=[32m"mb-2 p-1 group-hover:bg-blue-800/20 rounded-sm"[39m
              [36m>[39m
                [36m<svg[39m
                  [33mfill[39m=[32m"none"[39m
                  [33mheight[39m=[32m"64"[39m
                  [33mviewBox[39m=[32m"0 0 32 32"[39m
                  [33mwidth[39m=[32m"64"[39m
                  [33mxmlns[39m=[32m"http://www.w3.org/2000/svg"[39m
                [36m>[39m
                  [36m<path[39m
                    [33md[39m=[32m"M4 8H12L14 10H28V24H4V8Z"[39m
                    [33mfill[39m=[32m"#FFFF00"[39m
                    [33mstroke[39m=[32m"black"[39m
                    [33mstroke-width[39m=[32m"1"[39m
                  [36m/>[39m
                  [36m<path[39m
                    [33md[39m=[32m"M4 10V24H28"[39m
                    [33mstroke[39m=[32m"white"[39m
                    [33mstroke-opacity[39m=[32m"0.5"[39m
                    [33mstroke-width[39m=[32m"1"[39m
                  [36m/>[39m
                [36m</svg>[39m
              [36m</div>[39m
              [36m<span[39m
                [33mclass[39m=[32m"text-white text-[12px] text-center px-1 font-medium leading-tight drop-shadow-[1px_1px_1px_rgba(0,0,0,0.8)] group-hover:bg-[#000080] group-hover:text-white"[39m
              [36m>[39m
                [0mTest Window[0m
              [36m</span>[39m
            [36m</div>[39m
            [36m<div[39m
              [33mclass[39m=[32m"flex flex-col items-center justify-center p-2 w-28 h-36 cursor-pointer group select-none active:bg-blue-800/30 touch-manipulation"[39m
              [33mdata-testid[39m=[32m"desktop-icon-welcome"[39m
            [36m>[39m
              [36m<div[39m
                [33mclass[39m=[32m"mb-2 p-1 group-hover:bg-blue-800/20 rounded-sm"[39m
              [36m>[39m
                [36m<svg[39m
                  [33mfill[39m=[32m"none"[39m
                  [33mheight[39m=[32m"64"[39m
                  [33mviewBox[39m=[32m"0 0 32 32"[39m
                  [33mwidth[39m=[32m"64"[39m
                  [33mxmlns[39m=[32m"http://www.w3.org/2000/svg"[39m
                [36m>[39m
                  [36m<rect[39m
                    [33mfill[39m=[32m"#FFD700"[39m
                    [33mheight[39m=[32m"8"[39m
                    [33mstroke[39m=[32m"black"[39m
                    [33mstroke-width[39m=[32m"1"[39m
                    [33mwidth[39m=[32m"8"[39m
                    [33mx[39m=[32m"12"[39m
                    [33my[39m=[32m"6"[39m
                  [36m/>[39m
                  [36m<path[39m
                    [33md[39m=[32m"M8 26V20C8 18 10 16 12 16H20C22 16 24 18 24 20V26H8Z"[39m
                    [33mfill[39m=[32m"#0000FF"[39m
                    [33mstroke[39m=[32m"black"[39m
                    [33mstroke-width[39m=[32m"1"[39m
                  [36m/>[39m
                [36m</svg>[39m
              [36m</div>[39m
              [36m<span[39m
                [33mclass[39m=[32m"text-white text-[12px] text-center px-1 font-medium leading-tight drop-shadow-[1px_1px_1px_rgba(0,0,0,0.8)] group-hover:bg-[#000080] group-hover:text-white"[39m
              [36m>[39m
                [0mWelcome[0m
              [36m</span>[39m
            [36m</div>[39m
          [36m</div>[39m
          [36m<div[39m
            [33mclass[39m=[32m"absolute inset-0 pointer-events-none"[39m
          [36m>[39m
            [36m<div[39m
              [33mclass[39m=[32m"win95-beveled absolute flex flex-col pointer-events-auto z-50"[39m
              [33mdata-testid[39m=[32m"window-display-properties"[39m
              [33mstyle[39m=[32m"padding: 2px; opacity: 0; transform: translateX(150px) translateY(100px) scale(0.95);"[39m
            [36m>[39m
              [36m<div[39m
                [33mclass[39m=[32m"window-titlebar h-8 flex items-center justify-between px-1 cursor-default select-none bg-win95-blue-active"[39m
                [33mdata-testid[39m=[32m"window-titlebar"[39m
              [36m>[39m
                [36m<div[39m
                  [33mclass[39m=[32m"flex items-center gap-2 ml-0.5 overflow-hidden"[39m
                [36m>[39m
                  [36m<div[39m
                    [33mclass[39m=[32m"flex-shrink-0"[39m
                  [36m>[39m
                    [36m<svg[39m
                      [33mfill[39m=[32m"none"[39m
                      [33mheight[39m=[32m"24"[39m
                      [33mviewBox[39m=[32m"0 0 32 32"[39m
                      [33mwidth[39m=[32m"24"[39m
                      [33mxmlns[39m=[32m"http://www.w3.org/2000/svg"[39m
                    [36m>[39m
                      [36m<rect[39m
                        [33mfill[39m=[32m"#C0C0C0"[39m
                        [33mheight[39m=[32m"20"[39m
                        [33mstroke[39m=[32m"black"[39m
                        [33mstroke-width[39m=[32m"1"[39m
                        [33mwidth[39m=[32m"24"[39m
                        [33mx[39m=[32m"4"[39m
                        [33my[39m=[32m"6"[39m
                      [36m/>[39m
                      [36m<rect[39m
                        [33mfill[39m=[32m"#000080"[39m
                        [33mheight[39m=[32m"4"[39m
                        [33mwidth[39m=[32m"24"[39m
                        [33mx[39m=[32m"4"[39m
                        [33my[39m=[32m"6"[39m
                      [36m/>[39m
                      [36m<rect[39m
                        [33mfill[39m=[32m"#FF0000"[39m
                        [33mheight[39m=[32m"4"[39m
                        [33mwidth[39m=[32m"4"[39m
                        [33mx[39m=[32m"8"[39m
                        [33my[39m=[32m"14"[39m
                      [36m/>[39m
                      [36m<rect[39m
                        [33mfill[39m=[32m"#00FF00"[39m
                        [33mheight[39m=[32m"4"[39m
                        [33mwidth[39m=[32m"4"[39m
                        [33mx[39m=[32m"14"[39m
                        [33my[39m=[32m"14"[39m
                      [36m/>[39m
                      [36m<rect[39m
                        [33mfill[39m=[32m"#FFFF00"[39m
                        [33mheight[39m=[32m"4"[39m
                        [33mwidth[39m=[32m"4"...

    [0m [90m 103 |[39m
     [90m 104 |[39m         [90m// Check if selector is open[39m
    [31m[1m>[22m[39m[90m 105 |[39m         expect(screen[33m.[39mgetByText([32m'Display Properties'[39m))[33m.[39mtoBeInTheDocument()[33m;[39m
     [90m     |[39m                       [31m[1m^[22m[39m
     [90m 106 |[39m         expect(screen[33m.[39mgetByText([32m'Clouds'[39m))[33m.[39mtoBeInTheDocument()[33m;[39m
     [90m 107 |[39m
     [90m 108 |[39m         [90m// Select Clouds[39m[0m

      at Object.getElementError (node_modules/@testing-library/dom/dist/config.js:37:19)
      at getElementError (node_modules/@testing-library/dom/dist/query-helpers.js:20:35)
      at getMultipleElementsFoundError (node_modules/@testing-library/dom/dist/query-helpers.js:23:10)
      at node_modules/@testing-library/dom/dist/query-helpers.js:55:13
      at getByText (node_modules/@testing-library/dom/dist/query-helpers.js:95:19)
      at Object.<anonymous> (__tests__/components/win95/OSDesktop.test.tsx:105:23)

------------------------|---------|----------|---------|---------|-----------------------------------------------------------------------------------------------------------------------------------------------------------------------------
File                    | % Stmts | % Branch | % Funcs | % Lines | Uncovered Line #s                                                                                                                                                           
------------------------|---------|----------|---------|---------|-----------------------------------------------------------------------------------------------------------------------------------------------------------------------------
All files               |   45.77 |       50 |    23.3 |   45.77 |                                                                                                                                                                             
 app                    |       0 |        0 |       0 |       0 |                                                                                                                                                                             
  layout.tsx            |       0 |        0 |       0 |       0 | 1-23                                                                                                                                                                        
  page.tsx              |       0 |        0 |       0 |       0 | 1-7                                                                                                                                                                         
 components             |       0 |        0 |       0 |       0 |                                                                                                                                                                             
  HomeClient.tsx        |       0 |        0 |       0 |       0 | 1-251                                                                                                                                                                       
 components/layout      |       0 |        0 |       0 |       0 |                                                                                                                                                                             
  Footer.tsx            |       0 |        0 |       0 |       0 | 1-28                                                                                                                                                                        
  Navbar.tsx            |       0 |        0 |       0 |       0 | 1-73                                                                                                                                                                        
 components/ui          |       0 |        0 |       0 |       0 |                                                                                                                                                                             
  Button.tsx            |       0 |        0 |       0 |       0 | 1-50                                                                                                                                                                        
  Card.tsx              |       0 |        0 |       0 |       0 | 1-28                                                                                                                                                                        
  Section.tsx           |       0 |        0 |       0 |       0 | 1-19                                                                                                                                                                        
  Typography.tsx        |       0 |        0 |       0 |       0 | 1-37                                                                                                                                                                        
 components/win95       |   55.35 |    53.28 |   24.13 |   55.35 |                                                                                                                                                                             
  BootSequence.tsx      |    8.57 |      100 |       0 |    8.57 | 7-70                                                                                                                                                                        
  Calculator.tsx        |       0 |        0 |       0 |       0 | 1-101                                                                                                                                                                       
  ContextMenu.tsx       |   88.34 |    53.84 |      60 |   88.34 | 34-37,40-43,60-61,66,89                                                                                                                                                     
  DesktopIcon.tsx       |     100 |       60 |     100 |     100 | 34                                                                                                                                                                          
  MessageBox.tsx        |       0 |        0 |       0 |       0 | 1-63                                                                                                                                                                        
  Notepad.tsx           |       0 |        0 |       0 |       0 | 1-211                                                                                                                                                                       
  OSContext.tsx         |   78.12 |    66.66 |     100 |   78.12 | 21,25-29,33,37-41,61-62                                                                                                                                                     
  OSDesktop.tsx         |   69.07 |    66.07 |   26.66 |   69.07 | 78-79,84-85,130-149,158-160,162-163,169-174,186-189,191-192,196-200,235-245,248-254,257-261,264-270,273-276,279-329,335-337,355-357,368-372,375-377,390-391,463-471,493-499 
  Paint.tsx             |       0 |        0 |       0 |       0 | 1-167                                                                                                                                                                       
  SaveDialog.tsx        |       0 |        0 |       0 |       0 | 1-85                                                                                                                                                                        
  StartMenu.tsx         |   20.93 |      100 |       0 |   20.93 | 19-86                                                                                                                                                                       
  Taskbar.tsx           |   73.56 |    53.84 |    12.5 |   73.56 | 38,51-59,62-90,93-111,117-124,146-154,211-218                                                                                                                               
  WallpaperSelector.tsx |     100 |    91.66 |   33.33 |     100 | 33                                                                                                                                                                          
  Win95Window.tsx       |   76.96 |       20 |    9.52 |   76.96 | 34-47,53-79,158-159,166-167,177-178,181-183,186-215,229-241,244                                                                                                             
  icons.tsx             |     100 |      100 |     100 |     100 |                                                                                                                                                                             
 lib                    |      40 |       50 |   42.85 |      40 |                                                                                                                                                                             
  hooks.ts              |   67.92 |    58.33 |      60 |   67.92 | 8-9,14-15,35-37,41-50                                                                                                                                                       
  markdown.ts           |       0 |        0 |       0 |       0 | 1-31                                                                                                                                                                        
  utils.ts              |       0 |        0 |       0 |       0 | 1-6                                                                                                                                                                         
------------------------|---------|----------|---------|---------|-----------------------------------------------------------------------------------------------------------------------------------------------------------------------------
Test Suites: 1 failed, 1 total
Tests:       1 failed, 2 passed, 3 total
Snapshots:   0 total
Time:        1.525 s
Ran all test suites matching OSDesktop|opens wallpaper selector from context menu and applies wallpaper.
