[2m[WebServer] [22m  [1m[38;2;173;127;168mΓû▓ Next.js 14.2.3[39m[22m
[2m[WebServer] [22m  - Local:        http://127.0.0.1:3001
[2m[WebServer] [22m  - Network:      http://127.0.0.1:3001
[2m[WebServer] [22m
[2m[WebServer] [22m [32m[1mΓ£ô[22m[39m Starting...
[2m[WebServer] [22m [32m[1mΓ£ô[22m[39m Ready in 1397ms
[2m[WebServer] [22m [37m[1mΓùï[22m[39m Compiling / ...
[2m[WebServer] [22m [32m[1mΓ£ô[22m[39m Compiled / in 1199ms (1499 modules)
[2m[WebServer] [22m GET / [32m200[39m in 1413ms

Running 1 test using 1 worker
[2m[WebServer] [22m [32m[1mΓ£ô[22m[39m Compiled in 202ms (607 modules)
[2m[WebServer] [22m GET /?skipBoot=true&skipWelcome=true [32m200[39m in 33ms
F

  1) [firefox] ΓÇ║ e2e\tests\taskbar-features.spec.ts:8:9 ΓÇ║ Taskbar Features ΓÇ║ volume slider appears and persists value 

    Error: [2mexpect([22m[31mreceived[39m[2m).[22mtoBeGreaterThan[2m([22m[32mexpected[39m[2m)[22m

    Expected: > [32m60[39m
    Received:   [31m0[39m

      29 |         let value = await slider.inputValue();
      30 |         // We allow some range because dragging to exact percentage is hard
    > 31 |         expect(parseInt(value)).toBeGreaterThan(60);
         |                                 ^
      32 |         const savedValue = value;
      33 |
      34 |         // Reload the page
        at I:\code\VSCode\PortfolioWebsite\e2e\tests\taskbar-features.spec.ts:31:33

    attachment #1: screenshot (image/png) ΓöÇΓöÇΓöÇΓöÇΓöÇΓöÇΓöÇΓöÇΓöÇΓöÇΓöÇΓöÇΓöÇΓöÇΓöÇΓöÇΓöÇΓöÇΓöÇΓöÇΓöÇΓöÇΓöÇΓöÇΓöÇΓöÇΓöÇΓöÇΓöÇΓöÇΓöÇΓöÇΓöÇΓöÇΓöÇΓöÇΓöÇΓöÇΓöÇΓöÇΓöÇΓöÇΓöÇΓöÇΓöÇΓöÇΓöÇΓöÇΓöÇΓöÇΓöÇΓöÇΓöÇΓöÇΓöÇΓöÇΓöÇΓöÇ
    test-results\taskbar-features-Taskbar-F-ad564--appears-and-persists-value-firefox\test-failed-1.png
    ΓöÇΓöÇΓöÇΓöÇΓöÇΓöÇΓöÇΓöÇΓöÇΓöÇΓöÇΓöÇΓöÇΓöÇΓöÇΓöÇΓöÇΓöÇΓöÇΓöÇΓöÇΓöÇΓöÇΓöÇΓöÇΓöÇΓöÇΓöÇΓöÇΓöÇΓöÇΓöÇΓöÇΓöÇΓöÇΓöÇΓöÇΓöÇΓöÇΓöÇΓöÇΓöÇΓöÇΓöÇΓöÇΓöÇΓöÇΓöÇΓöÇΓöÇΓöÇΓöÇΓöÇΓöÇΓöÇΓöÇΓöÇΓöÇΓöÇΓöÇΓöÇΓöÇΓöÇΓöÇΓöÇΓöÇΓöÇΓöÇΓöÇΓöÇΓöÇΓöÇΓöÇΓöÇΓöÇΓöÇΓöÇΓöÇΓöÇΓöÇΓöÇΓöÇΓöÇΓöÇΓöÇΓöÇΓöÇΓöÇΓöÇΓöÇΓöÇΓöÇΓöÇΓöÇΓöÇΓöÇ

    Error Context: test-results\taskbar-features-Taskbar-F-ad564--appears-and-persists-value-firefox\error-context.md

  1 failed
    [firefox] ΓÇ║ e2e\tests\taskbar-features.spec.ts:8:9 ΓÇ║ Taskbar Features ΓÇ║ volume slider appears and persists value 
